DROP TABLE IF EXISTS `tb`;
DROP DATABASE IF EXISTS `db`;
